// Jest Snapshot v1, https://goo.gl/fbAQLP

exports[`Renders correctly 1`] = `
<div
  className="MuiBox-root css-1mi3tt8"
>
  <div
    className="MuiBox-root css-z7hu84"
  >
    <div
      className="MuiBox-root css-9ywscw"
    >
      <img
        loading="lazy"
        src="max-lissenden-0MHf_nafpaw-unsplash.jpg"
        style={
          Object {
            "height": "100%",
            "objectFit": "contain",
            "width": "100%",
          }
        }
      />
    </div>
    <div
      className="MetaDataBar MuiBox-root css-1usb2ac"
    >
      <div
        className="MetaDataBar.Icons MuiBox-root css-1mq3c6"
      >
        <button
          aria-label="like"
          className="MuiButtonBase-root MuiIconButton-root MuiIconButton-colorInherit MuiIconButton-edgeStart MuiIconButton-sizeLarge css-6c1vn5-MuiButtonBase-root-MuiIconButton-root"
          disabled={false}
          onBlur={[Function]}
          onClick={[Function]}
          onContextMenu={[Function]}
          onDragLeave={[Function]}
          onFocus={[Function]}
          onKeyDown={[Function]}
          onKeyUp={[Function]}
          onMouseDown={[Function]}
          onMouseLeave={[Function]}
          onMouseUp={[Function]}
          onTouchEnd={[Function]}
          onTouchMove={[Function]}
          onTouchStart={[Function]}
          tabIndex={0}
          type="button"
        >
          <div
            className="MuiBox-root css-0"
          >
            <span>
              <svg
                aria-hidden={true}
                className="MuiSvgIcon-root MuiSvgIcon-fontSizeMedium MuiSvgIcon-root MuiSvgIcon-colorWarning MuiSvgIcon-fontSizeMedium css-11x1sl6-MuiSvgIcon-root-MuiSvgIcon-root"
                data-testid="FavoriteIcon"
                focusable="false"
                viewBox="0 0 24 24"
              >
                <path
                  d="m12 21.35-1.45-1.32C5.4 15.36 2 12.28 2 8.5 2 5.42 4.42 3 7.5 3c1.74 0 3.41.81 4.5 2.09C13.09 3.81 14.76 3 16.5 3 19.58 3 22 5.42 22 8.5c0 3.78-3.4 6.86-8.55 11.54L12 21.35z"
                />
              </svg>
            </span>
            <span>
              28
            </span>
          </div>
        </button>
        <button
          aria-label="comment"
          className="MuiButtonBase-root MuiIconButton-root MuiIconButton-colorInherit MuiIconButton-edgeEnd MuiIconButton-sizeLarge css-1k68kd-MuiButtonBase-root-MuiIconButton-root"
          disabled={false}
          onBlur={[Function]}
          onClick={[Function]}
          onContextMenu={[Function]}
          onDragLeave={[Function]}
          onFocus={[Function]}
          onKeyDown={[Function]}
          onKeyUp={[Function]}
          onMouseDown={[Function]}
          onMouseLeave={[Function]}
          onMouseUp={[Function]}
          onTouchEnd={[Function]}
          onTouchMove={[Function]}
          onTouchStart={[Function]}
          tabIndex={0}
          type="button"
        >
          <div
            className="MuiBox-root css-0"
          >
            <span>
              1
            </span>
            <span>
              <svg
                aria-hidden={true}
                className="MuiSvgIcon-root MuiSvgIcon-fontSizeMedium MuiSvgIcon-root MuiSvgIcon-fontSizeMedium css-bpkbvq-MuiSvgIcon-root-MuiSvgIcon-root"
                data-testid="CommentIcon"
                focusable="false"
                viewBox="0 0 24 24"
              >
                <path
                  d="M21.99 4c0-1.1-.89-2-1.99-2H4c-1.1 0-2 .9-2 2v12c0 1.1.9 2 2 2h14l4 4-.01-18zM18 14H6v-2h12v2zm0-3H6V9h12v2zm0-3H6V6h12v2z"
                />
              </svg>
            </span>
          </div>
        </button>
      </div>
      <div
        className="MetaDataBar.Details MuiBox-root css-1mq3c6"
      >
        <div
          className="MuiBox-root css-ejrub7"
        >
          <p
            style={
              Object {
                "color": "#bfa760",
                "fontSize": "1.35rem",
                "fontWeight": "bold",
                "justifyContent": "flex-start",
                "marginLeft": "1.25rem",
              }
            }
          >
            abhinav
          </p>
          <p
            style={
              Object {
                "color": "#000",
                "fontSize": "1rem",
                "justifyContent": "flex-end",
                "marginLeft": "1.25rem",
              }
            }
          >
            Lorem ipsum dolor sit amet, consectetur adipiscing elit, sed do eiusmod tempor incididunt ut labore et dolore magna aliqua.
          </p>
        </div>
      </div>
    </div>
  </div>
  <div
    className="MuiBox-root css-z7hu84"
  >
    <div
      className="MuiBox-root css-9ywscw"
    >
      <img
        loading="lazy"
        src="abhinav-arya-0r5zivchDyE-unsplash.jpg"
        style={
          Object {
            "height": "100%",
            "objectFit": "contain",
            "width": "100%",
          }
        }
      />
    </div>
    <div
      className="MetaDataBar MuiBox-root css-1usb2ac"
    >
      <div
        className="MetaDataBar.Icons MuiBox-root css-1mq3c6"
      >
        <button
          aria-label="like"
          className="MuiButtonBase-root MuiIconButton-root MuiIconButton-colorInherit MuiIconButton-edgeStart MuiIconButton-sizeLarge css-6c1vn5-MuiButtonBase-root-MuiIconButton-root"
          disabled={false}
          onBlur={[Function]}
          onClick={[Function]}
          onContextMenu={[Function]}
          onDragLeave={[Function]}
          onFocus={[Function]}
          onKeyDown={[Function]}
          onKeyUp={[Function]}
          onMouseDown={[Function]}
          onMouseLeave={[Function]}
          onMouseUp={[Function]}
          onTouchEnd={[Function]}
          onTouchMove={[Function]}
          onTouchStart={[Function]}
          tabIndex={0}
          type="button"
        >
          <div
            className="MuiBox-root css-0"
          >
            <span>
              <svg
                aria-hidden={true}
                className="MuiSvgIcon-root MuiSvgIcon-fontSizeMedium MuiSvgIcon-root MuiSvgIcon-colorWarning MuiSvgIcon-fontSizeMedium css-11x1sl6-MuiSvgIcon-root-MuiSvgIcon-root"
                data-testid="FavoriteIcon"
                focusable="false"
                viewBox="0 0 24 24"
              >
                <path
                  d="m12 21.35-1.45-1.32C5.4 15.36 2 12.28 2 8.5 2 5.42 4.42 3 7.5 3c1.74 0 3.41.81 4.5 2.09C13.09 3.81 14.76 3 16.5 3 19.58 3 22 5.42 22 8.5c0 3.78-3.4 6.86-8.55 11.54L12 21.35z"
                />
              </svg>
            </span>
            <span>
              59
            </span>
          </div>
        </button>
        <button
          aria-label="comment"
          className="MuiButtonBase-root MuiIconButton-root MuiIconButton-colorInherit MuiIconButton-edgeEnd MuiIconButton-sizeLarge css-1k68kd-MuiButtonBase-root-MuiIconButton-root"
          disabled={false}
          onBlur={[Function]}
          onClick={[Function]}
          onContextMenu={[Function]}
          onDragLeave={[Function]}
          onFocus={[Function]}
          onKeyDown={[Function]}
          onKeyUp={[Function]}
          onMouseDown={[Function]}
          onMouseLeave={[Function]}
          onMouseUp={[Function]}
          onTouchEnd={[Function]}
          onTouchMove={[Function]}
          onTouchStart={[Function]}
          tabIndex={0}
          type="button"
        >
          <div
            className="MuiBox-root css-0"
          >
            <span>
              4
            </span>
            <span>
              <svg
                aria-hidden={true}
                className="MuiSvgIcon-root MuiSvgIcon-fontSizeMedium MuiSvgIcon-root MuiSvgIcon-fontSizeMedium css-bpkbvq-MuiSvgIcon-root-MuiSvgIcon-root"
                data-testid="CommentIcon"
                focusable="false"
                viewBox="0 0 24 24"
              >
                <path
                  d="M21.99 4c0-1.1-.89-2-1.99-2H4c-1.1 0-2 .9-2 2v12c0 1.1.9 2 2 2h14l4 4-.01-18zM18 14H6v-2h12v2zm0-3H6V9h12v2zm0-3H6V6h12v2z"
                />
              </svg>
            </span>
          </div>
        </button>
      </div>
      <div
        className="MetaDataBar.Details MuiBox-root css-1mq3c6"
      >
        <div
          className="MuiBox-root css-ejrub7"
        >
          <p
            style={
              Object {
                "color": "#bfa760",
                "fontSize": "1.35rem",
                "fontWeight": "bold",
                "justifyContent": "flex-start",
                "marginLeft": "1.25rem",
              }
            }
          >
            alex
          </p>
          <p
            style={
              Object {
                "color": "#000",
                "fontSize": "1rem",
                "justifyContent": "flex-end",
                "marginLeft": "1.25rem",
              }
            }
          >
            Lorem ipsum dolor sit amet, consectetur adipiscing elit, sed do eiusmod tempor incididunt ut labore et dolore magna aliqua.
          </p>
        </div>
      </div>
    </div>
  </div>
  <div
    className="MuiBox-root css-z7hu84"
  >
    <div
      className="MuiBox-root css-9ywscw"
    >
      <img
        loading="lazy"
        src="giorgio-manenti-MNlKblRC98k-unsplash.jpg"
        style={
          Object {
            "height": "100%",
            "objectFit": "contain",
            "width": "100%",
          }
        }
      />
    </div>
    <div
      className="MetaDataBar MuiBox-root css-1usb2ac"
    >
      <div
        className="MetaDataBar.Icons MuiBox-root css-1mq3c6"
      >
        <button
          aria-label="like"
          className="MuiButtonBase-root MuiIconButton-root MuiIconButton-colorInherit MuiIconButton-edgeStart MuiIconButton-sizeLarge css-6c1vn5-MuiButtonBase-root-MuiIconButton-root"
          disabled={false}
          onBlur={[Function]}
          onClick={[Function]}
          onContextMenu={[Function]}
          onDragLeave={[Function]}
          onFocus={[Function]}
          onKeyDown={[Function]}
          onKeyUp={[Function]}
          onMouseDown={[Function]}
          onMouseLeave={[Function]}
          onMouseUp={[Function]}
          onTouchEnd={[Function]}
          onTouchMove={[Function]}
          onTouchStart={[Function]}
          tabIndex={0}
          type="button"
        >
          <div
            className="MuiBox-root css-0"
          >
            <span>
              <svg
                aria-hidden={true}
                className="MuiSvgIcon-root MuiSvgIcon-fontSizeMedium MuiSvgIcon-root MuiSvgIcon-colorWarning MuiSvgIcon-fontSizeMedium css-11x1sl6-MuiSvgIcon-root-MuiSvgIcon-root"
                data-testid="FavoriteIcon"
                focusable="false"
                viewBox="0 0 24 24"
              >
                <path
                  d="m12 21.35-1.45-1.32C5.4 15.36 2 12.28 2 8.5 2 5.42 4.42 3 7.5 3c1.74 0 3.41.81 4.5 2.09C13.09 3.81 14.76 3 16.5 3 19.58 3 22 5.42 22 8.5c0 3.78-3.4 6.86-8.55 11.54L12 21.35z"
                />
              </svg>
            </span>
            <span>
              7
            </span>
          </div>
        </button>
        <button
          aria-label="comment"
          className="MuiButtonBase-root MuiIconButton-root MuiIconButton-colorInherit MuiIconButton-edgeEnd MuiIconButton-sizeLarge css-1k68kd-MuiButtonBase-root-MuiIconButton-root"
          disabled={false}
          onBlur={[Function]}
          onClick={[Function]}
          onContextMenu={[Function]}
          onDragLeave={[Function]}
          onFocus={[Function]}
          onKeyDown={[Function]}
          onKeyUp={[Function]}
          onMouseDown={[Function]}
          onMouseLeave={[Function]}
          onMouseUp={[Function]}
          onTouchEnd={[Function]}
          onTouchMove={[Function]}
          onTouchStart={[Function]}
          tabIndex={0}
          type="button"
        >
          <div
            className="MuiBox-root css-0"
          >
            <span>
              5
            </span>
            <span>
              <svg
                aria-hidden={true}
                className="MuiSvgIcon-root MuiSvgIcon-fontSizeMedium MuiSvgIcon-root MuiSvgIcon-fontSizeMedium css-bpkbvq-MuiSvgIcon-root-MuiSvgIcon-root"
                data-testid="CommentIcon"
                focusable="false"
                viewBox="0 0 24 24"
              >
                <path
                  d="M21.99 4c0-1.1-.89-2-1.99-2H4c-1.1 0-2 .9-2 2v12c0 1.1.9 2 2 2h14l4 4-.01-18zM18 14H6v-2h12v2zm0-3H6V9h12v2zm0-3H6V6h12v2z"
                />
              </svg>
            </span>
          </div>
        </button>
      </div>
      <div
        className="MetaDataBar.Details MuiBox-root css-1mq3c6"
      >
        <div
          className="MuiBox-root css-ejrub7"
        >
          <p
            style={
              Object {
                "color": "#bfa760",
                "fontSize": "1.35rem",
                "fontWeight": "bold",
                "justifyContent": "flex-start",
                "marginLeft": "1.25rem",
              }
            }
          >
            axel
          </p>
          <p
            style={
              Object {
                "color": "#000",
                "fontSize": "1rem",
                "justifyContent": "flex-end",
                "marginLeft": "1.25rem",
              }
            }
          >
            Lorem ipsum dolor sit amet, consectetur adipiscing elit, sed do eiusmod tempor incididunt ut labore et dolore magna aliqua.
          </p>
        </div>
      </div>
    </div>
  </div>
  <div
    className="MuiBox-root css-z7hu84"
  >
    <div
      className="MuiBox-root css-9ywscw"
    >
      <img
        loading="lazy"
        src="philipp-deus-pUoQ07FB2wY-unsplash.jpg"
        style={
          Object {
            "height": "100%",
            "objectFit": "contain",
            "width": "100%",
          }
        }
      />
    </div>
    <div
      className="MetaDataBar MuiBox-root css-1usb2ac"
    >
      <div
        className="MetaDataBar.Icons MuiBox-root css-1mq3c6"
      >
        <button
          aria-label="like"
          className="MuiButtonBase-root MuiIconButton-root MuiIconButton-colorInherit MuiIconButton-edgeStart MuiIconButton-sizeLarge css-6c1vn5-MuiButtonBase-root-MuiIconButton-root"
          disabled={false}
          onBlur={[Function]}
          onClick={[Function]}
          onContextMenu={[Function]}
          onDragLeave={[Function]}
          onFocus={[Function]}
          onKeyDown={[Function]}
          onKeyUp={[Function]}
          onMouseDown={[Function]}
          onMouseLeave={[Function]}
          onMouseUp={[Function]}
          onTouchEnd={[Function]}
          onTouchMove={[Function]}
          onTouchStart={[Function]}
          tabIndex={0}
          type="button"
        >
          <div
            className="MuiBox-root css-0"
          >
            <span>
              <svg
                aria-hidden={true}
                className="MuiSvgIcon-root MuiSvgIcon-fontSizeMedium MuiSvgIcon-root MuiSvgIcon-colorWarning MuiSvgIcon-fontSizeMedium css-11x1sl6-MuiSvgIcon-root-MuiSvgIcon-root"
                data-testid="FavoriteIcon"
                focusable="false"
                viewBox="0 0 24 24"
              >
                <path
                  d="m12 21.35-1.45-1.32C5.4 15.36 2 12.28 2 8.5 2 5.42 4.42 3 7.5 3c1.74 0 3.41.81 4.5 2.09C13.09 3.81 14.76 3 16.5 3 19.58 3 22 5.42 22 8.5c0 3.78-3.4 6.86-8.55 11.54L12 21.35z"
                />
              </svg>
            </span>
            <span>
              96
            </span>
          </div>
        </button>
        <button
          aria-label="comment"
          className="MuiButtonBase-root MuiIconButton-root MuiIconButton-colorInherit MuiIconButton-edgeEnd MuiIconButton-sizeLarge css-1k68kd-MuiButtonBase-root-MuiIconButton-root"
          disabled={false}
          onBlur={[Function]}
          onClick={[Function]}
          onContextMenu={[Function]}
          onDragLeave={[Function]}
          onFocus={[Function]}
          onKeyDown={[Function]}
          onKeyUp={[Function]}
          onMouseDown={[Function]}
          onMouseLeave={[Function]}
          onMouseUp={[Function]}
          onTouchEnd={[Function]}
          onTouchMove={[Function]}
          onTouchStart={[Function]}
          tabIndex={0}
          type="button"
        >
          <div
            className="MuiBox-root css-0"
          >
            <span>
              5
            </span>
            <span>
              <svg
                aria-hidden={true}
                className="MuiSvgIcon-root MuiSvgIcon-fontSizeMedium MuiSvgIcon-root MuiSvgIcon-fontSizeMedium css-bpkbvq-MuiSvgIcon-root-MuiSvgIcon-root"
                data-testid="CommentIcon"
                focusable="false"
                viewBox="0 0 24 24"
              >
                <path
                  d="M21.99 4c0-1.1-.89-2-1.99-2H4c-1.1 0-2 .9-2 2v12c0 1.1.9 2 2 2h14l4 4-.01-18zM18 14H6v-2h12v2zm0-3H6V9h12v2zm0-3H6V6h12v2z"
                />
              </svg>
            </span>
          </div>
        </button>
      </div>
      <div
        className="MetaDataBar.Details MuiBox-root css-1mq3c6"
      >
        <div
          className="MuiBox-root css-ejrub7"
        >
          <p
            style={
              Object {
                "color": "#bfa760",
                "fontSize": "1.35rem",
                "fontWeight": "bold",
                "justifyContent": "flex-start",
                "marginLeft": "1.25rem",
              }
            }
          >
            brian
          </p>
          <p
            style={
              Object {
                "color": "#000",
                "fontSize": "1rem",
                "justifyContent": "flex-end",
                "marginLeft": "1.25rem",
              }
            }
          >
            Lorem ipsum dolor sit amet, consectetur adipiscing elit, sed do eiusmod tempor incididunt ut labore et dolore magna aliqua.
          </p>
        </div>
      </div>
    </div>
  </div>
  <div
    className="MuiBox-root css-z7hu84"
  >
    <div
      className="MuiBox-root css-9ywscw"
    >
      <img
        loading="lazy"
        src="alex-rybin-Ne5nShVl6NM-unsplash.jpg"
        style={
          Object {
            "height": "100%",
            "objectFit": "contain",
            "width": "100%",
          }
        }
      />
    </div>
    <div
      className="MetaDataBar MuiBox-root css-1usb2ac"
    >
      <div
        className="MetaDataBar.Icons MuiBox-root css-1mq3c6"
      >
        <button
          aria-label="like"
          className="MuiButtonBase-root MuiIconButton-root MuiIconButton-colorInherit MuiIconButton-edgeStart MuiIconButton-sizeLarge css-6c1vn5-MuiButtonBase-root-MuiIconButton-root"
          disabled={false}
          onBlur={[Function]}
          onClick={[Function]}
          onContextMenu={[Function]}
          onDragLeave={[Function]}
          onFocus={[Function]}
          onKeyDown={[Function]}
          onKeyUp={[Function]}
          onMouseDown={[Function]}
          onMouseLeave={[Function]}
          onMouseUp={[Function]}
          onTouchEnd={[Function]}
          onTouchMove={[Function]}
          onTouchStart={[Function]}
          tabIndex={0}
          type="button"
        >
          <div
            className="MuiBox-root css-0"
          >
            <span>
              <svg
                aria-hidden={true}
                className="MuiSvgIcon-root MuiSvgIcon-fontSizeMedium MuiSvgIcon-root MuiSvgIcon-colorWarning MuiSvgIcon-fontSizeMedium css-11x1sl6-MuiSvgIcon-root-MuiSvgIcon-root"
                data-testid="FavoriteIcon"
                focusable="false"
                viewBox="0 0 24 24"
              >
                <path
                  d="m12 21.35-1.45-1.32C5.4 15.36 2 12.28 2 8.5 2 5.42 4.42 3 7.5 3c1.74 0 3.41.81 4.5 2.09C13.09 3.81 14.76 3 16.5 3 19.58 3 22 5.42 22 8.5c0 3.78-3.4 6.86-8.55 11.54L12 21.35z"
                />
              </svg>
            </span>
            <span>
              50
            </span>
          </div>
        </button>
        <button
          aria-label="comment"
          className="MuiButtonBase-root MuiIconButton-root MuiIconButton-colorInherit MuiIconButton-edgeEnd MuiIconButton-sizeLarge css-1k68kd-MuiButtonBase-root-MuiIconButton-root"
          disabled={false}
          onBlur={[Function]}
          onClick={[Function]}
          onContextMenu={[Function]}
          onDragLeave={[Function]}
          onFocus={[Function]}
          onKeyDown={[Function]}
          onKeyUp={[Function]}
          onMouseDown={[Function]}
          onMouseLeave={[Function]}
          onMouseUp={[Function]}
          onTouchEnd={[Function]}
          onTouchMove={[Function]}
          onTouchStart={[Function]}
          tabIndex={0}
          type="button"
        >
          <div
            className="MuiBox-root css-0"
          >
            <span>
              7
            </span>
            <span>
              <svg
                aria-hidden={true}
                className="MuiSvgIcon-root MuiSvgIcon-fontSizeMedium MuiSvgIcon-root MuiSvgIcon-fontSizeMedium css-bpkbvq-MuiSvgIcon-root-MuiSvgIcon-root"
                data-testid="CommentIcon"
                focusable="false"
                viewBox="0 0 24 24"
              >
                <path
                  d="M21.99 4c0-1.1-.89-2-1.99-2H4c-1.1 0-2 .9-2 2v12c0 1.1.9 2 2 2h14l4 4-.01-18zM18 14H6v-2h12v2zm0-3H6V9h12v2zm0-3H6V6h12v2z"
                />
              </svg>
            </span>
          </div>
        </button>
      </div>
      <div
        className="MetaDataBar.Details MuiBox-root css-1mq3c6"
      >
        <div
          className="MuiBox-root css-ejrub7"
        >
          <p
            style={
              Object {
                "color": "#bfa760",
                "fontSize": "1.35rem",
                "fontWeight": "bold",
                "justifyContent": "flex-start",
                "marginLeft": "1.25rem",
              }
            }
          >
            brynn
          </p>
          <p
            style={
              Object {
                "color": "#000",
                "fontSize": "1rem",
                "justifyContent": "flex-end",
                "marginLeft": "1.25rem",
              }
            }
          >
            Lorem ipsum dolor sit amet, consectetur adipiscing elit, sed do eiusmod tempor incididunt ut labore et dolore magna aliqua.
          </p>
        </div>
      </div>
    </div>
  </div>
  <div
    className="MuiBox-root css-z7hu84"
  >
    <div
      className="MuiBox-root css-9ywscw"
    >
      <img
        loading="lazy"
        src="axel-blanchard-YVKotYBAUko-unsplash.jpg"
        style={
          Object {
            "height": "100%",
            "objectFit": "contain",
            "width": "100%",
          }
        }
      />
    </div>
    <div
      className="MetaDataBar MuiBox-root css-1usb2ac"
    >
      <div
        className="MetaDataBar.Icons MuiBox-root css-1mq3c6"
      >
        <button
          aria-label="like"
          className="MuiButtonBase-root MuiIconButton-root MuiIconButton-colorInherit MuiIconButton-edgeStart MuiIconButton-sizeLarge css-6c1vn5-MuiButtonBase-root-MuiIconButton-root"
          disabled={false}
          onBlur={[Function]}
          onClick={[Function]}
          onContextMenu={[Function]}
          onDragLeave={[Function]}
          onFocus={[Function]}
          onKeyDown={[Function]}
          onKeyUp={[Function]}
          onMouseDown={[Function]}
          onMouseLeave={[Function]}
          onMouseUp={[Function]}
          onTouchEnd={[Function]}
          onTouchMove={[Function]}
          onTouchStart={[Function]}
          tabIndex={0}
          type="button"
        >
          <div
            className="MuiBox-root css-0"
          >
            <span>
              <svg
                aria-hidden={true}
                className="MuiSvgIcon-root MuiSvgIcon-fontSizeMedium MuiSvgIcon-root MuiSvgIcon-colorWarning MuiSvgIcon-fontSizeMedium css-11x1sl6-MuiSvgIcon-root-MuiSvgIcon-root"
                data-testid="FavoriteIcon"
                focusable="false"
                viewBox="0 0 24 24"
              >
                <path
                  d="m12 21.35-1.45-1.32C5.4 15.36 2 12.28 2 8.5 2 5.42 4.42 3 7.5 3c1.74 0 3.41.81 4.5 2.09C13.09 3.81 14.76 3 16.5 3 19.58 3 22 5.42 22 8.5c0 3.78-3.4 6.86-8.55 11.54L12 21.35z"
                />
              </svg>
            </span>
            <span>
              10
            </span>
          </div>
        </button>
        <button
          aria-label="comment"
          className="MuiButtonBase-root MuiIconButton-root MuiIconButton-colorInherit MuiIconButton-edgeEnd MuiIconButton-sizeLarge css-1k68kd-MuiButtonBase-root-MuiIconButton-root"
          disabled={false}
          onBlur={[Function]}
          onClick={[Function]}
          onContextMenu={[Function]}
          onDragLeave={[Function]}
          onFocus={[Function]}
          onKeyDown={[Function]}
          onKeyUp={[Function]}
          onMouseDown={[Function]}
          onMouseLeave={[Function]}
          onMouseUp={[Function]}
          onTouchEnd={[Function]}
          onTouchMove={[Function]}
          onTouchStart={[Function]}
          tabIndex={0}
          type="button"
        >
          <div
            className="MuiBox-root css-0"
          >
            <span>
              7
            </span>
            <span>
              <svg
                aria-hidden={true}
                className="MuiSvgIcon-root MuiSvgIcon-fontSizeMedium MuiSvgIcon-root MuiSvgIcon-fontSizeMedium css-bpkbvq-MuiSvgIcon-root-MuiSvgIcon-root"
                data-testid="CommentIcon"
                focusable="false"
                viewBox="0 0 24 24"
              >
                <path
                  d="M21.99 4c0-1.1-.89-2-1.99-2H4c-1.1 0-2 .9-2 2v12c0 1.1.9 2 2 2h14l4 4-.01-18zM18 14H6v-2h12v2zm0-3H6V9h12v2zm0-3H6V6h12v2z"
                />
              </svg>
            </span>
          </div>
        </button>
      </div>
      <div
        className="MetaDataBar.Details MuiBox-root css-1mq3c6"
      >
        <div
          className="MuiBox-root css-ejrub7"
        >
          <p
            style={
              Object {
                "color": "#bfa760",
                "fontSize": "1.35rem",
                "fontWeight": "bold",
                "justifyContent": "flex-start",
                "marginLeft": "1.25rem",
              }
            }
          >
            eugene
          </p>
          <p
            style={
              Object {
                "color": "#000",
                "fontSize": "1rem",
                "justifyContent": "flex-end",
                "marginLeft": "1.25rem",
              }
            }
          >
            Lorem ipsum dolor sit amet, consectetur adipiscing elit, sed do eiusmod tempor incididunt ut labore et dolore magna aliqua.
          </p>
        </div>
      </div>
    </div>
  </div>
  <div
    className="MuiBox-root css-z7hu84"
  >
    <div
      className="MuiBox-root css-9ywscw"
    >
      <img
        loading="lazy"
        src="brynn-thorn-RIIMd1r-n_M-unsplash.jpg"
        style={
          Object {
            "height": "100%",
            "objectFit": "contain",
            "width": "100%",
          }
        }
      />
    </div>
    <div
      className="MetaDataBar MuiBox-root css-1usb2ac"
    >
      <div
        className="MetaDataBar.Icons MuiBox-root css-1mq3c6"
      >
        <button
          aria-label="like"
          className="MuiButtonBase-root MuiIconButton-root MuiIconButton-colorInherit MuiIconButton-edgeStart MuiIconButton-sizeLarge css-6c1vn5-MuiButtonBase-root-MuiIconButton-root"
          disabled={false}
          onBlur={[Function]}
          onClick={[Function]}
          onContextMenu={[Function]}
          onDragLeave={[Function]}
          onFocus={[Function]}
          onKeyDown={[Function]}
          onKeyUp={[Function]}
          onMouseDown={[Function]}
          onMouseLeave={[Function]}
          onMouseUp={[Function]}
          onTouchEnd={[Function]}
          onTouchMove={[Function]}
          onTouchStart={[Function]}
          tabIndex={0}
          type="button"
        >
          <div
            className="MuiBox-root css-0"
          >
            <span>
              <svg
                aria-hidden={true}
                className="MuiSvgIcon-root MuiSvgIcon-fontSizeMedium MuiSvgIcon-root MuiSvgIcon-colorInfo MuiSvgIcon-fontSizeMedium css-1cb4yu1-MuiSvgIcon-root-MuiSvgIcon-root"
                data-testid="FavoriteBorderIcon"
                focusable="false"
                viewBox="0 0 24 24"
              >
                <path
                  d="M16.5 3c-1.74 0-3.41.81-4.5 2.09C10.91 3.81 9.24 3 7.5 3 4.42 3 2 5.42 2 8.5c0 3.78 3.4 6.86 8.55 11.54L12 21.35l1.45-1.32C18.6 15.36 22 12.28 22 8.5 22 5.42 19.58 3 16.5 3zm-4.4 15.55-.1.1-.1-.1C7.14 14.24 4 11.39 4 8.5 4 6.5 5.5 5 7.5 5c1.54 0 3.04.99 3.57 2.36h1.87C13.46 5.99 14.96 5 16.5 5c2 0 3.5 1.5 3.5 3.5 0 2.89-3.14 5.74-7.9 10.05z"
                />
              </svg>
            </span>
            <span>
              0
            </span>
          </div>
        </button>
        <button
          aria-label="comment"
          className="MuiButtonBase-root MuiIconButton-root MuiIconButton-colorInherit MuiIconButton-edgeEnd MuiIconButton-sizeLarge css-1k68kd-MuiButtonBase-root-MuiIconButton-root"
          disabled={false}
          onBlur={[Function]}
          onClick={[Function]}
          onContextMenu={[Function]}
          onDragLeave={[Function]}
          onFocus={[Function]}
          onKeyDown={[Function]}
          onKeyUp={[Function]}
          onMouseDown={[Function]}
          onMouseLeave={[Function]}
          onMouseUp={[Function]}
          onTouchEnd={[Function]}
          onTouchMove={[Function]}
          onTouchStart={[Function]}
          tabIndex={0}
          type="button"
        >
          <div
            className="MuiBox-root css-0"
          >
            <span>
              2
            </span>
            <span>
              <svg
                aria-hidden={true}
                className="MuiSvgIcon-root MuiSvgIcon-fontSizeMedium MuiSvgIcon-root MuiSvgIcon-fontSizeMedium css-bpkbvq-MuiSvgIcon-root-MuiSvgIcon-root"
                data-testid="CommentIcon"
                focusable="false"
                viewBox="0 0 24 24"
              >
                <path
                  d="M21.99 4c0-1.1-.89-2-1.99-2H4c-1.1 0-2 .9-2 2v12c0 1.1.9 2 2 2h14l4 4-.01-18zM18 14H6v-2h12v2zm0-3H6V9h12v2zm0-3H6V6h12v2z"
                />
              </svg>
            </span>
          </div>
        </button>
      </div>
      <div
        className="MetaDataBar.Details MuiBox-root css-1mq3c6"
      >
        <div
          className="MuiBox-root css-ejrub7"
        >
          <p
            style={
              Object {
                "color": "#bfa760",
                "fontSize": "1.35rem",
                "fontWeight": "bold",
                "justifyContent": "flex-start",
                "marginLeft": "1.25rem",
              }
            }
          >
            freysteinn
          </p>
          <p
            style={
              Object {
                "color": "#000",
                "fontSize": "1rem",
                "justifyContent": "flex-end",
                "marginLeft": "1.25rem",
              }
            }
          >
            Lorem ipsum dolor sit amet, consectetur adipiscing elit, sed do eiusmod tempor incididunt ut labore et dolore magna aliqua.
          </p>
        </div>
      </div>
    </div>
  </div>
  <div
    className="MuiBox-root css-z7hu84"
  >
    <div
      className="MuiBox-root css-9ywscw"
    >
      <img
        loading="lazy"
        src="abhinav-arya-0r5zivchDyE-unsplash.jpg"
        style={
          Object {
            "height": "100%",
            "objectFit": "contain",
            "width": "100%",
          }
        }
      />
    </div>
    <div
      className="MetaDataBar MuiBox-root css-1usb2ac"
    >
      <div
        className="MetaDataBar.Icons MuiBox-root css-1mq3c6"
      >
        <button
          aria-label="like"
          className="MuiButtonBase-root MuiIconButton-root MuiIconButton-colorInherit MuiIconButton-edgeStart MuiIconButton-sizeLarge css-6c1vn5-MuiButtonBase-root-MuiIconButton-root"
          disabled={false}
          onBlur={[Function]}
          onClick={[Function]}
          onContextMenu={[Function]}
          onDragLeave={[Function]}
          onFocus={[Function]}
          onKeyDown={[Function]}
          onKeyUp={[Function]}
          onMouseDown={[Function]}
          onMouseLeave={[Function]}
          onMouseUp={[Function]}
          onTouchEnd={[Function]}
          onTouchMove={[Function]}
          onTouchStart={[Function]}
          tabIndex={0}
          type="button"
        >
          <div
            className="MuiBox-root css-0"
          >
            <span>
              <svg
                aria-hidden={true}
                className="MuiSvgIcon-root MuiSvgIcon-fontSizeMedium MuiSvgIcon-root MuiSvgIcon-colorWarning MuiSvgIcon-fontSizeMedium css-11x1sl6-MuiSvgIcon-root-MuiSvgIcon-root"
                data-testid="FavoriteIcon"
                focusable="false"
                viewBox="0 0 24 24"
              >
                <path
                  d="m12 21.35-1.45-1.32C5.4 15.36 2 12.28 2 8.5 2 5.42 4.42 3 7.5 3c1.74 0 3.41.81 4.5 2.09C13.09 3.81 14.76 3 16.5 3 19.58 3 22 5.42 22 8.5c0 3.78-3.4 6.86-8.55 11.54L12 21.35z"
                />
              </svg>
            </span>
            <span>
              60
            </span>
          </div>
        </button>
        <button
          aria-label="comment"
          className="MuiButtonBase-root MuiIconButton-root MuiIconButton-colorInherit MuiIconButton-edgeEnd MuiIconButton-sizeLarge css-1k68kd-MuiButtonBase-root-MuiIconButton-root"
          disabled={false}
          onBlur={[Function]}
          onClick={[Function]}
          onContextMenu={[Function]}
          onDragLeave={[Function]}
          onFocus={[Function]}
          onKeyDown={[Function]}
          onKeyUp={[Function]}
          onMouseDown={[Function]}
          onMouseLeave={[Function]}
          onMouseUp={[Function]}
          onTouchEnd={[Function]}
          onTouchMove={[Function]}
          onTouchStart={[Function]}
          tabIndex={0}
          type="button"
        >
          <div
            className="MuiBox-root css-0"
          >
            <span>
              4
            </span>
            <span>
              <svg
                aria-hidden={true}
                className="MuiSvgIcon-root MuiSvgIcon-fontSizeMedium MuiSvgIcon-root MuiSvgIcon-fontSizeMedium css-bpkbvq-MuiSvgIcon-root-MuiSvgIcon-root"
                data-testid="CommentIcon"
                focusable="false"
                viewBox="0 0 24 24"
              >
                <path
                  d="M21.99 4c0-1.1-.89-2-1.99-2H4c-1.1 0-2 .9-2 2v12c0 1.1.9 2 2 2h14l4 4-.01-18zM18 14H6v-2h12v2zm0-3H6V9h12v2zm0-3H6V6h12v2z"
                />
              </svg>
            </span>
          </div>
        </button>
      </div>
      <div
        className="MetaDataBar.Details MuiBox-root css-1mq3c6"
      >
        <div
          className="MuiBox-root css-ejrub7"
        >
          <p
            style={
              Object {
                "color": "#bfa760",
                "fontSize": "1.35rem",
                "fontWeight": "bold",
                "justifyContent": "flex-start",
                "marginLeft": "1.25rem",
              }
            }
          >
            giorgio
          </p>
          <p
            style={
              Object {
                "color": "#000",
                "fontSize": "1rem",
                "justifyContent": "flex-end",
                "marginLeft": "1.25rem",
              }
            }
          >
            Lorem ipsum dolor sit amet, consectetur adipiscing elit, sed do eiusmod tempor incididunt ut labore et dolore magna aliqua.
          </p>
        </div>
      </div>
    </div>
  </div>
  <div
    className="MuiBox-root css-z7hu84"
  >
    <div
      className="MuiBox-root css-9ywscw"
    >
      <img
        loading="lazy"
        src="eugene-tkachenko-XHDP42n5Yu0-unsplash.jpg"
        style={
          Object {
            "height": "100%",
            "objectFit": "contain",
            "width": "100%",
          }
        }
      />
    </div>
    <div
      className="MetaDataBar MuiBox-root css-1usb2ac"
    >
      <div
        className="MetaDataBar.Icons MuiBox-root css-1mq3c6"
      >
        <button
          aria-label="like"
          className="MuiButtonBase-root MuiIconButton-root MuiIconButton-colorInherit MuiIconButton-edgeStart MuiIconButton-sizeLarge css-6c1vn5-MuiButtonBase-root-MuiIconButton-root"
          disabled={false}
          onBlur={[Function]}
          onClick={[Function]}
          onContextMenu={[Function]}
          onDragLeave={[Function]}
          onFocus={[Function]}
          onKeyDown={[Function]}
          onKeyUp={[Function]}
          onMouseDown={[Function]}
          onMouseLeave={[Function]}
          onMouseUp={[Function]}
          onTouchEnd={[Function]}
          onTouchMove={[Function]}
          onTouchStart={[Function]}
          tabIndex={0}
          type="button"
        >
          <div
            className="MuiBox-root css-0"
          >
            <span>
              <svg
                aria-hidden={true}
                className="MuiSvgIcon-root MuiSvgIcon-fontSizeMedium MuiSvgIcon-root MuiSvgIcon-colorWarning MuiSvgIcon-fontSizeMedium css-11x1sl6-MuiSvgIcon-root-MuiSvgIcon-root"
                data-testid="FavoriteIcon"
                focusable="false"
                viewBox="0 0 24 24"
              >
                <path
                  d="m12 21.35-1.45-1.32C5.4 15.36 2 12.28 2 8.5 2 5.42 4.42 3 7.5 3c1.74 0 3.41.81 4.5 2.09C13.09 3.81 14.76 3 16.5 3 19.58 3 22 5.42 22 8.5c0 3.78-3.4 6.86-8.55 11.54L12 21.35z"
                />
              </svg>
            </span>
            <span>
              23
            </span>
          </div>
        </button>
        <button
          aria-label="comment"
          className="MuiButtonBase-root MuiIconButton-root MuiIconButton-colorInherit MuiIconButton-edgeEnd MuiIconButton-sizeLarge css-1k68kd-MuiButtonBase-root-MuiIconButton-root"
          disabled={false}
          onBlur={[Function]}
          onClick={[Function]}
          onContextMenu={[Function]}
          onDragLeave={[Function]}
          onFocus={[Function]}
          onKeyDown={[Function]}
          onKeyUp={[Function]}
          onMouseDown={[Function]}
          onMouseLeave={[Function]}
          onMouseUp={[Function]}
          onTouchEnd={[Function]}
          onTouchMove={[Function]}
          onTouchStart={[Function]}
          tabIndex={0}
          type="button"
        >
          <div
            className="MuiBox-root css-0"
          >
            <span>
              5
            </span>
            <span>
              <svg
                aria-hidden={true}
                className="MuiSvgIcon-root MuiSvgIcon-fontSizeMedium MuiSvgIcon-root MuiSvgIcon-fontSizeMedium css-bpkbvq-MuiSvgIcon-root-MuiSvgIcon-root"
                data-testid="CommentIcon"
                focusable="false"
                viewBox="0 0 24 24"
              >
                <path
                  d="M21.99 4c0-1.1-.89-2-1.99-2H4c-1.1 0-2 .9-2 2v12c0 1.1.9 2 2 2h14l4 4-.01-18zM18 14H6v-2h12v2zm0-3H6V9h12v2zm0-3H6V6h12v2z"
                />
              </svg>
            </span>
          </div>
        </button>
      </div>
      <div
        className="MetaDataBar.Details MuiBox-root css-1mq3c6"
      >
        <div
          className="MuiBox-root css-ejrub7"
        >
          <p
            style={
              Object {
                "color": "#bfa760",
                "fontSize": "1.35rem",
                "fontWeight": "bold",
                "justifyContent": "flex-start",
                "marginLeft": "1.25rem",
              }
            }
          >
            hana
          </p>
          <p
            style={
              Object {
                "color": "#000",
                "fontSize": "1rem",
                "justifyContent": "flex-end",
                "marginLeft": "1.25rem",
              }
            }
          >
            Lorem ipsum dolor sit amet, consectetur adipiscing elit, sed do eiusmod tempor incididunt ut labore et dolore magna aliqua.
          </p>
        </div>
      </div>
    </div>
  </div>
  <div
    className="MuiBox-root css-z7hu84"
  >
    <div
      className="MuiBox-root css-9ywscw"
    >
      <img
        loading="lazy"
        src="eugene-tkachenko-XHDP42n5Yu0-unsplash.jpg"
        style={
          Object {
            "height": "100%",
            "objectFit": "contain",
            "width": "100%",
          }
        }
      />
    </div>
    <div
      className="MetaDataBar MuiBox-root css-1usb2ac"
    >
      <div
        className="MetaDataBar.Icons MuiBox-root css-1mq3c6"
      >
        <button
          aria-label="like"
          className="MuiButtonBase-root MuiIconButton-root MuiIconButton-colorInherit MuiIconButton-edgeStart MuiIconButton-sizeLarge css-6c1vn5-MuiButtonBase-root-MuiIconButton-root"
          disabled={false}
          onBlur={[Function]}
          onClick={[Function]}
          onContextMenu={[Function]}
          onDragLeave={[Function]}
          onFocus={[Function]}
          onKeyDown={[Function]}
          onKeyUp={[Function]}
          onMouseDown={[Function]}
          onMouseLeave={[Function]}
          onMouseUp={[Function]}
          onTouchEnd={[Function]}
          onTouchMove={[Function]}
          onTouchStart={[Function]}
          tabIndex={0}
          type="button"
        >
          <div
            className="MuiBox-root css-0"
          >
            <span>
              <svg
                aria-hidden={true}
                className="MuiSvgIcon-root MuiSvgIcon-fontSizeMedium MuiSvgIcon-root MuiSvgIcon-colorWarning MuiSvgIcon-fontSizeMedium css-11x1sl6-MuiSvgIcon-root-MuiSvgIcon-root"
                data-testid="FavoriteIcon"
                focusable="false"
                viewBox="0 0 24 24"
              >
                <path
                  d="m12 21.35-1.45-1.32C5.4 15.36 2 12.28 2 8.5 2 5.42 4.42 3 7.5 3c1.74 0 3.41.81 4.5 2.09C13.09 3.81 14.76 3 16.5 3 19.58 3 22 5.42 22 8.5c0 3.78-3.4 6.86-8.55 11.54L12 21.35z"
                />
              </svg>
            </span>
            <span>
              52
            </span>
          </div>
        </button>
        <button
          aria-label="comment"
          className="MuiButtonBase-root MuiIconButton-root MuiIconButton-colorInherit MuiIconButton-edgeEnd MuiIconButton-sizeLarge css-1k68kd-MuiButtonBase-root-MuiIconButton-root"
          disabled={false}
          onBlur={[Function]}
          onClick={[Function]}
          onContextMenu={[Function]}
          onDragLeave={[Function]}
          onFocus={[Function]}
          onKeyDown={[Function]}
          onKeyUp={[Function]}
          onMouseDown={[Function]}
          onMouseLeave={[Function]}
          onMouseUp={[Function]}
          onTouchEnd={[Function]}
          onTouchMove={[Function]}
          onTouchStart={[Function]}
          tabIndex={0}
          type="button"
        >
          <div
            className="MuiBox-root css-0"
          >
            <span>
              8
            </span>
            <span>
              <svg
                aria-hidden={true}
                className="MuiSvgIcon-root MuiSvgIcon-fontSizeMedium MuiSvgIcon-root MuiSvgIcon-fontSizeMedium css-bpkbvq-MuiSvgIcon-root-MuiSvgIcon-root"
                data-testid="CommentIcon"
                focusable="false"
                viewBox="0 0 24 24"
              >
                <path
                  d="M21.99 4c0-1.1-.89-2-1.99-2H4c-1.1 0-2 .9-2 2v12c0 1.1.9 2 2 2h14l4 4-.01-18zM18 14H6v-2h12v2zm0-3H6V9h12v2zm0-3H6V6h12v2z"
                />
              </svg>
            </span>
          </div>
        </button>
      </div>
      <div
        className="MetaDataBar.Details MuiBox-root css-1mq3c6"
      >
        <div
          className="MuiBox-root css-ejrub7"
        >
          <p
            style={
              Object {
                "color": "#bfa760",
                "fontSize": "1.35rem",
                "fontWeight": "bold",
                "justifyContent": "flex-start",
                "marginLeft": "1.25rem",
              }
            }
          >
            lina
          </p>
          <p
            style={
              Object {
                "color": "#000",
                "fontSize": "1rem",
                "justifyContent": "flex-end",
                "marginLeft": "1.25rem",
              }
            }
          >
            Lorem ipsum dolor sit amet, consectetur adipiscing elit, sed do eiusmod tempor incididunt ut labore et dolore magna aliqua.
          </p>
        </div>
      </div>
    </div>
  </div>
  <div
    className="MuiBox-root css-z7hu84"
  >
    <div
      className="MuiBox-root css-9ywscw"
    >
      <img
        loading="lazy"
        src="mounir-abdi-wYPG-eyGal0-unsplash.jpg"
        style={
          Object {
            "height": "100%",
            "objectFit": "contain",
            "width": "100%",
          }
        }
      />
    </div>
    <div
      className="MetaDataBar MuiBox-root css-1usb2ac"
    >
      <div
        className="MetaDataBar.Icons MuiBox-root css-1mq3c6"
      >
        <button
          aria-label="like"
          className="MuiButtonBase-root MuiIconButton-root MuiIconButton-colorInherit MuiIconButton-edgeStart MuiIconButton-sizeLarge css-6c1vn5-MuiButtonBase-root-MuiIconButton-root"
          disabled={false}
          onBlur={[Function]}
          onClick={[Function]}
          onContextMenu={[Function]}
          onDragLeave={[Function]}
          onFocus={[Function]}
          onKeyDown={[Function]}
          onKeyUp={[Function]}
          onMouseDown={[Function]}
          onMouseLeave={[Function]}
          onMouseUp={[Function]}
          onTouchEnd={[Function]}
          onTouchMove={[Function]}
          onTouchStart={[Function]}
          tabIndex={0}
          type="button"
        >
          <div
            className="MuiBox-root css-0"
          >
            <span>
              <svg
                aria-hidden={true}
                className="MuiSvgIcon-root MuiSvgIcon-fontSizeMedium MuiSvgIcon-root MuiSvgIcon-colorWarning MuiSvgIcon-fontSizeMedium css-11x1sl6-MuiSvgIcon-root-MuiSvgIcon-root"
                data-testid="FavoriteIcon"
                focusable="false"
                viewBox="0 0 24 24"
              >
                <path
                  d="m12 21.35-1.45-1.32C5.4 15.36 2 12.28 2 8.5 2 5.42 4.42 3 7.5 3c1.74 0 3.41.81 4.5 2.09C13.09 3.81 14.76 3 16.5 3 19.58 3 22 5.42 22 8.5c0 3.78-3.4 6.86-8.55 11.54L12 21.35z"
                />
              </svg>
            </span>
            <span>
              46
            </span>
          </div>
        </button>
        <button
          aria-label="comment"
          className="MuiButtonBase-root MuiIconButton-root MuiIconButton-colorInherit MuiIconButton-edgeEnd MuiIconButton-sizeLarge css-1k68kd-MuiButtonBase-root-MuiIconButton-root"
          disabled={false}
          onBlur={[Function]}
          onClick={[Function]}
          onContextMenu={[Function]}
          onDragLeave={[Function]}
          onFocus={[Function]}
          onKeyDown={[Function]}
          onKeyUp={[Function]}
          onMouseDown={[Function]}
          onMouseLeave={[Function]}
          onMouseUp={[Function]}
          onTouchEnd={[Function]}
          onTouchMove={[Function]}
          onTouchStart={[Function]}
          tabIndex={0}
          type="button"
        >
          <div
            className="MuiBox-root css-0"
          >
            <span>
              8
            </span>
            <span>
              <svg
                aria-hidden={true}
                className="MuiSvgIcon-root MuiSvgIcon-fontSizeMedium MuiSvgIcon-root MuiSvgIcon-fontSizeMedium css-bpkbvq-MuiSvgIcon-root-MuiSvgIcon-root"
                data-testid="CommentIcon"
                focusable="false"
                viewBox="0 0 24 24"
              >
                <path
                  d="M21.99 4c0-1.1-.89-2-1.99-2H4c-1.1 0-2 .9-2 2v12c0 1.1.9 2 2 2h14l4 4-.01-18zM18 14H6v-2h12v2zm0-3H6V9h12v2zm0-3H6V6h12v2z"
                />
              </svg>
            </span>
          </div>
        </button>
      </div>
      <div
        className="MetaDataBar.Details MuiBox-root css-1mq3c6"
      >
        <div
          className="MuiBox-root css-ejrub7"
        >
          <p
            style={
              Object {
                "color": "#bfa760",
                "fontSize": "1.35rem",
                "fontWeight": "bold",
                "justifyContent": "flex-start",
                "marginLeft": "1.25rem",
              }
            }
          >
            max
          </p>
          <p
            style={
              Object {
                "color": "#000",
                "fontSize": "1rem",
                "justifyContent": "flex-end",
                "marginLeft": "1.25rem",
              }
            }
          >
            Lorem ipsum dolor sit amet, consectetur adipiscing elit, sed do eiusmod tempor incididunt ut labore et dolore magna aliqua.
          </p>
        </div>
      </div>
    </div>
  </div>
  <div
    className="MuiBox-root css-z7hu84"
  >
    <div
      className="MuiBox-root css-9ywscw"
    >
      <img
        loading="lazy"
        src="philipp-deus-pUoQ07FB2wY-unsplash.jpg"
        style={
          Object {
            "height": "100%",
            "objectFit": "contain",
            "width": "100%",
          }
        }
      />
    </div>
    <div
      className="MetaDataBar MuiBox-root css-1usb2ac"
    >
      <div
        className="MetaDataBar.Icons MuiBox-root css-1mq3c6"
      >
        <button
          aria-label="like"
          className="MuiButtonBase-root MuiIconButton-root MuiIconButton-colorInherit MuiIconButton-edgeStart MuiIconButton-sizeLarge css-6c1vn5-MuiButtonBase-root-MuiIconButton-root"
          disabled={false}
          onBlur={[Function]}
          onClick={[Function]}
          onContextMenu={[Function]}
          onDragLeave={[Function]}
          onFocus={[Function]}
          onKeyDown={[Function]}
          onKeyUp={[Function]}
          onMouseDown={[Function]}
          onMouseLeave={[Function]}
          onMouseUp={[Function]}
          onTouchEnd={[Function]}
          onTouchMove={[Function]}
          onTouchStart={[Function]}
          tabIndex={0}
          type="button"
        >
          <div
            className="MuiBox-root css-0"
          >
            <span>
              <svg
                aria-hidden={true}
                className="MuiSvgIcon-root MuiSvgIcon-fontSizeMedium MuiSvgIcon-root MuiSvgIcon-colorWarning MuiSvgIcon-fontSizeMedium css-11x1sl6-MuiSvgIcon-root-MuiSvgIcon-root"
                data-testid="FavoriteIcon"
                focusable="false"
                viewBox="0 0 24 24"
              >
                <path
                  d="m12 21.35-1.45-1.32C5.4 15.36 2 12.28 2 8.5 2 5.42 4.42 3 7.5 3c1.74 0 3.41.81 4.5 2.09C13.09 3.81 14.76 3 16.5 3 19.58 3 22 5.42 22 8.5c0 3.78-3.4 6.86-8.55 11.54L12 21.35z"
                />
              </svg>
            </span>
            <span>
              53
            </span>
          </div>
        </button>
        <button
          aria-label="comment"
          className="MuiButtonBase-root MuiIconButton-root MuiIconButton-colorInherit MuiIconButton-edgeEnd MuiIconButton-sizeLarge css-1k68kd-MuiButtonBase-root-MuiIconButton-root"
          disabled={false}
          onBlur={[Function]}
          onClick={[Function]}
          onContextMenu={[Function]}
          onDragLeave={[Function]}
          onFocus={[Function]}
          onKeyDown={[Function]}
          onKeyUp={[Function]}
          onMouseDown={[Function]}
          onMouseLeave={[Function]}
          onMouseUp={[Function]}
          onTouchEnd={[Function]}
          onTouchMove={[Function]}
          onTouchStart={[Function]}
          tabIndex={0}
          type="button"
        >
          <div
            className="MuiBox-root css-0"
          >
            <span>
              4
            </span>
            <span>
              <svg
                aria-hidden={true}
                className="MuiSvgIcon-root MuiSvgIcon-fontSizeMedium MuiSvgIcon-root MuiSvgIcon-fontSizeMedium css-bpkbvq-MuiSvgIcon-root-MuiSvgIcon-root"
                data-testid="CommentIcon"
                focusable="false"
                viewBox="0 0 24 24"
              >
                <path
                  d="M21.99 4c0-1.1-.89-2-1.99-2H4c-1.1 0-2 .9-2 2v12c0 1.1.9 2 2 2h14l4 4-.01-18zM18 14H6v-2h12v2zm0-3H6V9h12v2zm0-3H6V6h12v2z"
                />
              </svg>
            </span>
          </div>
        </button>
      </div>
      <div
        className="MetaDataBar.Details MuiBox-root css-1mq3c6"
      >
        <div
          className="MuiBox-root css-ejrub7"
        >
          <p
            style={
              Object {
                "color": "#bfa760",
                "fontSize": "1.35rem",
                "fontWeight": "bold",
                "justifyContent": "flex-start",
                "marginLeft": "1.25rem",
              }
            }
          >
            melanie
          </p>
          <p
            style={
              Object {
                "color": "#000",
                "fontSize": "1rem",
                "justifyContent": "flex-end",
                "marginLeft": "1.25rem",
              }
            }
          >
            Lorem ipsum dolor sit amet, consectetur adipiscing elit, sed do eiusmod tempor incididunt ut labore et dolore magna aliqua.
          </p>
        </div>
      </div>
    </div>
  </div>
  <div
    className="MuiBox-root css-z7hu84"
  >
    <div
      className="MuiBox-root css-9ywscw"
    >
      <img
        loading="lazy"
        src="giorgio-manenti-MNlKblRC98k-unsplash.jpg"
        style={
          Object {
            "height": "100%",
            "objectFit": "contain",
            "width": "100%",
          }
        }
      />
    </div>
    <div
      className="MetaDataBar MuiBox-root css-1usb2ac"
    >
      <div
        className="MetaDataBar.Icons MuiBox-root css-1mq3c6"
      >
        <button
          aria-label="like"
          className="MuiButtonBase-root MuiIconButton-root MuiIconButton-colorInherit MuiIconButton-edgeStart MuiIconButton-sizeLarge css-6c1vn5-MuiButtonBase-root-MuiIconButton-root"
          disabled={false}
          onBlur={[Function]}
          onClick={[Function]}
          onContextMenu={[Function]}
          onDragLeave={[Function]}
          onFocus={[Function]}
          onKeyDown={[Function]}
          onKeyUp={[Function]}
          onMouseDown={[Function]}
          onMouseLeave={[Function]}
          onMouseUp={[Function]}
          onTouchEnd={[Function]}
          onTouchMove={[Function]}
          onTouchStart={[Function]}
          tabIndex={0}
          type="button"
        >
          <div
            className="MuiBox-root css-0"
          >
            <span>
              <svg
                aria-hidden={true}
                className="MuiSvgIcon-root MuiSvgIcon-fontSizeMedium MuiSvgIcon-root MuiSvgIcon-colorWarning MuiSvgIcon-fontSizeMedium css-11x1sl6-MuiSvgIcon-root-MuiSvgIcon-root"
                data-testid="FavoriteIcon"
                focusable="false"
                viewBox="0 0 24 24"
              >
                <path
                  d="m12 21.35-1.45-1.32C5.4 15.36 2 12.28 2 8.5 2 5.42 4.42 3 7.5 3c1.74 0 3.41.81 4.5 2.09C13.09 3.81 14.76 3 16.5 3 19.58 3 22 5.42 22 8.5c0 3.78-3.4 6.86-8.55 11.54L12 21.35z"
                />
              </svg>
            </span>
            <span>
              28
            </span>
          </div>
        </button>
        <button
          aria-label="comment"
          className="MuiButtonBase-root MuiIconButton-root MuiIconButton-colorInherit MuiIconButton-edgeEnd MuiIconButton-sizeLarge css-1k68kd-MuiButtonBase-root-MuiIconButton-root"
          disabled={false}
          onBlur={[Function]}
          onClick={[Function]}
          onContextMenu={[Function]}
          onDragLeave={[Function]}
          onFocus={[Function]}
          onKeyDown={[Function]}
          onKeyUp={[Function]}
          onMouseDown={[Function]}
          onMouseLeave={[Function]}
          onMouseUp={[Function]}
          onTouchEnd={[Function]}
          onTouchMove={[Function]}
          onTouchStart={[Function]}
          tabIndex={0}
          type="button"
        >
          <div
            className="MuiBox-root css-0"
          >
            <span>
              7
            </span>
            <span>
              <svg
                aria-hidden={true}
                className="MuiSvgIcon-root MuiSvgIcon-fontSizeMedium MuiSvgIcon-root MuiSvgIcon-fontSizeMedium css-bpkbvq-MuiSvgIcon-root-MuiSvgIcon-root"
                data-testid="CommentIcon"
                focusable="false"
                viewBox="0 0 24 24"
              >
                <path
                  d="M21.99 4c0-1.1-.89-2-1.99-2H4c-1.1 0-2 .9-2 2v12c0 1.1.9 2 2 2h14l4 4-.01-18zM18 14H6v-2h12v2zm0-3H6V9h12v2zm0-3H6V6h12v2z"
                />
              </svg>
            </span>
          </div>
        </button>
      </div>
      <div
        className="MetaDataBar.Details MuiBox-root css-1mq3c6"
      >
        <div
          className="MuiBox-root css-ejrub7"
        >
          <p
            style={
              Object {
                "color": "#bfa760",
                "fontSize": "1.35rem",
                "fontWeight": "bold",
                "justifyContent": "flex-start",
                "marginLeft": "1.25rem",
              }
            }
          >
            mounir
          </p>
          <p
            style={
              Object {
                "color": "#000",
                "fontSize": "1rem",
                "justifyContent": "flex-end",
                "marginLeft": "1.25rem",
              }
            }
          >
            Lorem ipsum dolor sit amet, consectetur adipiscing elit, sed do eiusmod tempor incididunt ut labore et dolore magna aliqua.
          </p>
        </div>
      </div>
    </div>
  </div>
  <div
    className="MuiBox-root css-z7hu84"
  >
    <div
      className="MuiBox-root css-9ywscw"
    >
      <img
        loading="lazy"
        src="brian-lawson-abiq3vnHjnk-unsplash.jpg"
        style={
          Object {
            "height": "100%",
            "objectFit": "contain",
            "width": "100%",
          }
        }
      />
    </div>
    <div
      className="MetaDataBar MuiBox-root css-1usb2ac"
    >
      <div
        className="MetaDataBar.Icons MuiBox-root css-1mq3c6"
      >
        <button
          aria-label="like"
          className="MuiButtonBase-root MuiIconButton-root MuiIconButton-colorInherit MuiIconButton-edgeStart MuiIconButton-sizeLarge css-6c1vn5-MuiButtonBase-root-MuiIconButton-root"
          disabled={false}
          onBlur={[Function]}
          onClick={[Function]}
          onContextMenu={[Function]}
          onDragLeave={[Function]}
          onFocus={[Function]}
          onKeyDown={[Function]}
          onKeyUp={[Function]}
          onMouseDown={[Function]}
          onMouseLeave={[Function]}
          onMouseUp={[Function]}
          onTouchEnd={[Function]}
          onTouchMove={[Function]}
          onTouchStart={[Function]}
          tabIndex={0}
          type="button"
        >
          <div
            className="MuiBox-root css-0"
          >
            <span>
              <svg
                aria-hidden={true}
                className="MuiSvgIcon-root MuiSvgIcon-fontSizeMedium MuiSvgIcon-root MuiSvgIcon-colorWarning MuiSvgIcon-fontSizeMedium css-11x1sl6-MuiSvgIcon-root-MuiSvgIcon-root"
                data-testid="FavoriteIcon"
                focusable="false"
                viewBox="0 0 24 24"
              >
                <path
                  d="m12 21.35-1.45-1.32C5.4 15.36 2 12.28 2 8.5 2 5.42 4.42 3 7.5 3c1.74 0 3.41.81 4.5 2.09C13.09 3.81 14.76 3 16.5 3 19.58 3 22 5.42 22 8.5c0 3.78-3.4 6.86-8.55 11.54L12 21.35z"
                />
              </svg>
            </span>
            <span>
              58
            </span>
          </div>
        </button>
        <button
          aria-label="comment"
          className="MuiButtonBase-root MuiIconButton-root MuiIconButton-colorInherit MuiIconButton-edgeEnd MuiIconButton-sizeLarge css-1k68kd-MuiButtonBase-root-MuiIconButton-root"
          disabled={false}
          onBlur={[Function]}
          onClick={[Function]}
          onContextMenu={[Function]}
          onDragLeave={[Function]}
          onFocus={[Function]}
          onKeyDown={[Function]}
          onKeyUp={[Function]}
          onMouseDown={[Function]}
          onMouseLeave={[Function]}
          onMouseUp={[Function]}
          onTouchEnd={[Function]}
          onTouchMove={[Function]}
          onTouchStart={[Function]}
          tabIndex={0}
          type="button"
        >
          <div
            className="MuiBox-root css-0"
          >
            <span>
              1
            </span>
            <span>
              <svg
                aria-hidden={true}
                className="MuiSvgIcon-root MuiSvgIcon-fontSizeMedium MuiSvgIcon-root MuiSvgIcon-fontSizeMedium css-bpkbvq-MuiSvgIcon-root-MuiSvgIcon-root"
                data-testid="CommentIcon"
                focusable="false"
                viewBox="0 0 24 24"
              >
                <path
                  d="M21.99 4c0-1.1-.89-2-1.99-2H4c-1.1 0-2 .9-2 2v12c0 1.1.9 2 2 2h14l4 4-.01-18zM18 14H6v-2h12v2zm0-3H6V9h12v2zm0-3H6V6h12v2z"
                />
              </svg>
            </span>
          </div>
        </button>
      </div>
      <div
        className="MetaDataBar.Details MuiBox-root css-1mq3c6"
      >
        <div
          className="MuiBox-root css-ejrub7"
        >
          <p
            style={
              Object {
                "color": "#bfa760",
                "fontSize": "1.35rem",
                "fontWeight": "bold",
                "justifyContent": "flex-start",
                "marginLeft": "1.25rem",
              }
            }
          >
            philipp
          </p>
          <p
            style={
              Object {
                "color": "#000",
                "fontSize": "1rem",
                "justifyContent": "flex-end",
                "marginLeft": "1.25rem",
              }
            }
          >
            Lorem ipsum dolor sit amet, consectetur adipiscing elit, sed do eiusmod tempor incididunt ut labore et dolore magna aliqua.
          </p>
        </div>
      </div>
    </div>
  </div>
  <div
    className="MuiBox-root css-z7hu84"
  >
    <div
      className="MuiBox-root css-9ywscw"
    >
      <img
        loading="lazy"
        src="eugene-tkachenko-XHDP42n5Yu0-unsplash.jpg"
        style={
          Object {
            "height": "100%",
            "objectFit": "contain",
            "width": "100%",
          }
        }
      />
    </div>
    <div
      className="MetaDataBar MuiBox-root css-1usb2ac"
    >
      <div
        className="MetaDataBar.Icons MuiBox-root css-1mq3c6"
      >
        <button
          aria-label="like"
          className="MuiButtonBase-root MuiIconButton-root MuiIconButton-colorInherit MuiIconButton-edgeStart MuiIconButton-sizeLarge css-6c1vn5-MuiButtonBase-root-MuiIconButton-root"
          disabled={false}
          onBlur={[Function]}
          onClick={[Function]}
          onContextMenu={[Function]}
          onDragLeave={[Function]}
          onFocus={[Function]}
          onKeyDown={[Function]}
          onKeyUp={[Function]}
          onMouseDown={[Function]}
          onMouseLeave={[Function]}
          onMouseUp={[Function]}
          onTouchEnd={[Function]}
          onTouchMove={[Function]}
          onTouchStart={[Function]}
          tabIndex={0}
          type="button"
        >
          <div
            className="MuiBox-root css-0"
          >
            <span>
              <svg
                aria-hidden={true}
                className="MuiSvgIcon-root MuiSvgIcon-fontSizeMedium MuiSvgIcon-root MuiSvgIcon-colorWarning MuiSvgIcon-fontSizeMedium css-11x1sl6-MuiSvgIcon-root-MuiSvgIcon-root"
                data-testid="FavoriteIcon"
                focusable="false"
                viewBox="0 0 24 24"
              >
                <path
                  d="m12 21.35-1.45-1.32C5.4 15.36 2 12.28 2 8.5 2 5.42 4.42 3 7.5 3c1.74 0 3.41.81 4.5 2.09C13.09 3.81 14.76 3 16.5 3 19.58 3 22 5.42 22 8.5c0 3.78-3.4 6.86-8.55 11.54L12 21.35z"
                />
              </svg>
            </span>
            <span>
              42
            </span>
          </div>
        </button>
        <button
          aria-label="comment"
          className="MuiButtonBase-root MuiIconButton-root MuiIconButton-colorInherit MuiIconButton-edgeEnd MuiIconButton-sizeLarge css-1k68kd-MuiButtonBase-root-MuiIconButton-root"
          disabled={false}
          onBlur={[Function]}
          onClick={[Function]}
          onContextMenu={[Function]}
          onDragLeave={[Function]}
          onFocus={[Function]}
          onKeyDown={[Function]}
          onKeyUp={[Function]}
          onMouseDown={[Function]}
          onMouseLeave={[Function]}
          onMouseUp={[Function]}
          onTouchEnd={[Function]}
          onTouchMove={[Function]}
          onTouchStart={[Function]}
          tabIndex={0}
          type="button"
        >
          <div
            className="MuiBox-root css-0"
          >
            <span>
              0
            </span>
            <span>
              <svg
                aria-hidden={true}
                className="MuiSvgIcon-root MuiSvgIcon-fontSizeMedium MuiSvgIcon-root MuiSvgIcon-fontSizeMedium css-bpkbvq-MuiSvgIcon-root-MuiSvgIcon-root"
                data-testid="CommentIcon"
                focusable="false"
                viewBox="0 0 24 24"
              >
                <path
                  d="M21.99 4c0-1.1-.89-2-1.99-2H4c-1.1 0-2 .9-2 2v12c0 1.1.9 2 2 2h14l4 4-.01-18zM18 14H6v-2h12v2zm0-3H6V9h12v2zm0-3H6V6h12v2z"
                />
              </svg>
            </span>
          </div>
        </button>
      </div>
      <div
        className="MetaDataBar.Details MuiBox-root css-1mq3c6"
      >
        <div
          className="MuiBox-root css-ejrub7"
        >
          <p
            style={
              Object {
                "color": "#bfa760",
                "fontSize": "1.35rem",
                "fontWeight": "bold",
                "justifyContent": "flex-start",
                "marginLeft": "1.25rem",
              }
            }
          >
            sour
          </p>
          <p
            style={
              Object {
                "color": "#000",
                "fontSize": "1rem",
                "justifyContent": "flex-end",
                "marginLeft": "1.25rem",
              }
            }
          >
            Lorem ipsum dolor sit amet, consectetur adipiscing elit, sed do eiusmod tempor incididunt ut labore et dolore magna aliqua.
          </p>
        </div>
      </div>
    </div>
  </div>
  <div
    className="MuiBox-root css-z7hu84"
  >
    <div
      className="MuiBox-root css-9ywscw"
    >
      <img
        loading="lazy"
        src="alex-rybin-Ne5nShVl6NM-unsplash.jpg"
        style={
          Object {
            "height": "100%",
            "objectFit": "contain",
            "width": "100%",
          }
        }
      />
    </div>
    <div
      className="MetaDataBar MuiBox-root css-1usb2ac"
    >
      <div
        className="MetaDataBar.Icons MuiBox-root css-1mq3c6"
      >
        <button
          aria-label="like"
          className="MuiButtonBase-root MuiIconButton-root MuiIconButton-colorInherit MuiIconButton-edgeStart MuiIconButton-sizeLarge css-6c1vn5-MuiButtonBase-root-MuiIconButton-root"
          disabled={false}
          onBlur={[Function]}
          onClick={[Function]}
          onContextMenu={[Function]}
          onDragLeave={[Function]}
          onFocus={[Function]}
          onKeyDown={[Function]}
          onKeyUp={[Function]}
          onMouseDown={[Function]}
          onMouseLeave={[Function]}
          onMouseUp={[Function]}
          onTouchEnd={[Function]}
          onTouchMove={[Function]}
          onTouchStart={[Function]}
          tabIndex={0}
          type="button"
        >
          <div
            className="MuiBox-root css-0"
          >
            <span>
              <svg
                aria-hidden={true}
                className="MuiSvgIcon-root MuiSvgIcon-fontSizeMedium MuiSvgIcon-root MuiSvgIcon-colorWarning MuiSvgIcon-fontSizeMedium css-11x1sl6-MuiSvgIcon-root-MuiSvgIcon-root"
                data-testid="FavoriteIcon"
                focusable="false"
                viewBox="0 0 24 24"
              >
                <path
                  d="m12 21.35-1.45-1.32C5.4 15.36 2 12.28 2 8.5 2 5.42 4.42 3 7.5 3c1.74 0 3.41.81 4.5 2.09C13.09 3.81 14.76 3 16.5 3 19.58 3 22 5.42 22 8.5c0 3.78-3.4 6.86-8.55 11.54L12 21.35z"
                />
              </svg>
            </span>
            <span>
              42
            </span>
          </div>
        </button>
        <button
          aria-label="comment"
          className="MuiButtonBase-root MuiIconButton-root MuiIconButton-colorInherit MuiIconButton-edgeEnd MuiIconButton-sizeLarge css-1k68kd-MuiButtonBase-root-MuiIconButton-root"
          disabled={false}
          onBlur={[Function]}
          onClick={[Function]}
          onContextMenu={[Function]}
          onDragLeave={[Function]}
          onFocus={[Function]}
          onKeyDown={[Function]}
          onKeyUp={[Function]}
          onMouseDown={[Function]}
          onMouseLeave={[Function]}
          onMouseUp={[Function]}
          onTouchEnd={[Function]}
          onTouchMove={[Function]}
          onTouchStart={[Function]}
          tabIndex={0}
          type="button"
        >
          <div
            className="MuiBox-root css-0"
          >
            <span>
              7
            </span>
            <span>
              <svg
                aria-hidden={true}
                className="MuiSvgIcon-root MuiSvgIcon-fontSizeMedium MuiSvgIcon-root MuiSvgIcon-fontSizeMedium css-bpkbvq-MuiSvgIcon-root-MuiSvgIcon-root"
                data-testid="CommentIcon"
                focusable="false"
                viewBox="0 0 24 24"
              >
                <path
                  d="M21.99 4c0-1.1-.89-2-1.99-2H4c-1.1 0-2 .9-2 2v12c0 1.1.9 2 2 2h14l4 4-.01-18zM18 14H6v-2h12v2zm0-3H6V9h12v2zm0-3H6V6h12v2z"
                />
              </svg>
            </span>
          </div>
        </button>
      </div>
      <div
        className="MetaDataBar.Details MuiBox-root css-1mq3c6"
      >
        <div
          className="MuiBox-root css-ejrub7"
        >
          <p
            style={
              Object {
                "color": "#bfa760",
                "fontSize": "1.35rem",
                "fontWeight": "bold",
                "justifyContent": "flex-start",
                "marginLeft": "1.25rem",
              }
            }
          >
            svitlana
          </p>
          <p
            style={
              Object {
                "color": "#000",
                "fontSize": "1rem",
                "justifyContent": "flex-end",
                "marginLeft": "1.25rem",
              }
            }
          >
            Lorem ipsum dolor sit amet, consectetur adipiscing elit, sed do eiusmod tempor incididunt ut labore et dolore magna aliqua.
          </p>
        </div>
      </div>
    </div>
  </div>
  <div
    className="MuiBox-root css-z7hu84"
  >
    <div
      className="MuiBox-root css-9ywscw"
    >
      <img
        loading="lazy"
        src="axel-blanchard-YVKotYBAUko-unsplash.jpg"
        style={
          Object {
            "height": "100%",
            "objectFit": "contain",
            "width": "100%",
          }
        }
      />
    </div>
    <div
      className="MetaDataBar MuiBox-root css-1usb2ac"
    >
      <div
        className="MetaDataBar.Icons MuiBox-root css-1mq3c6"
      >
        <button
          aria-label="like"
          className="MuiButtonBase-root MuiIconButton-root MuiIconButton-colorInherit MuiIconButton-edgeStart MuiIconButton-sizeLarge css-6c1vn5-MuiButtonBase-root-MuiIconButton-root"
          disabled={false}
          onBlur={[Function]}
          onClick={[Function]}
          onContextMenu={[Function]}
          onDragLeave={[Function]}
          onFocus={[Function]}
          onKeyDown={[Function]}
          onKeyUp={[Function]}
          onMouseDown={[Function]}
          onMouseLeave={[Function]}
          onMouseUp={[Function]}
          onTouchEnd={[Function]}
          onTouchMove={[Function]}
          onTouchStart={[Function]}
          tabIndex={0}
          type="button"
        >
          <div
            className="MuiBox-root css-0"
          >
            <span>
              <svg
                aria-hidden={true}
                className="MuiSvgIcon-root MuiSvgIcon-fontSizeMedium MuiSvgIcon-root MuiSvgIcon-colorWarning MuiSvgIcon-fontSizeMedium css-11x1sl6-MuiSvgIcon-root-MuiSvgIcon-root"
                data-testid="FavoriteIcon"
                focusable="false"
                viewBox="0 0 24 24"
              >
                <path
                  d="m12 21.35-1.45-1.32C5.4 15.36 2 12.28 2 8.5 2 5.42 4.42 3 7.5 3c1.74 0 3.41.81 4.5 2.09C13.09 3.81 14.76 3 16.5 3 19.58 3 22 5.42 22 8.5c0 3.78-3.4 6.86-8.55 11.54L12 21.35z"
                />
              </svg>
            </span>
            <span>
              99
            </span>
          </div>
        </button>
        <button
          aria-label="comment"
          className="MuiButtonBase-root MuiIconButton-root MuiIconButton-colorInherit MuiIconButton-edgeEnd MuiIconButton-sizeLarge css-1k68kd-MuiButtonBase-root-MuiIconButton-root"
          disabled={false}
          onBlur={[Function]}
          onClick={[Function]}
          onContextMenu={[Function]}
          onDragLeave={[Function]}
          onFocus={[Function]}
          onKeyDown={[Function]}
          onKeyUp={[Function]}
          onMouseDown={[Function]}
          onMouseLeave={[Function]}
          onMouseUp={[Function]}
          onTouchEnd={[Function]}
          onTouchMove={[Function]}
          onTouchStart={[Function]}
          tabIndex={0}
          type="button"
        >
          <div
            className="MuiBox-root css-0"
          >
            <span>
              6
            </span>
            <span>
              <svg
                aria-hidden={true}
                className="MuiSvgIcon-root MuiSvgIcon-fontSizeMedium MuiSvgIcon-root MuiSvgIcon-fontSizeMedium css-bpkbvq-MuiSvgIcon-root-MuiSvgIcon-root"
                data-testid="CommentIcon"
                focusable="false"
                viewBox="0 0 24 24"
              >
                <path
                  d="M21.99 4c0-1.1-.89-2-1.99-2H4c-1.1 0-2 .9-2 2v12c0 1.1.9 2 2 2h14l4 4-.01-18zM18 14H6v-2h12v2zm0-3H6V9h12v2zm0-3H6V6h12v2z"
                />
              </svg>
            </span>
          </div>
        </button>
      </div>
      <div
        className="MetaDataBar.Details MuiBox-root css-1mq3c6"
      >
        <div
          className="MuiBox-root css-ejrub7"
        >
          <p
            style={
              Object {
                "color": "#bfa760",
                "fontSize": "1.35rem",
                "fontWeight": "bold",
                "justifyContent": "flex-start",
                "marginLeft": "1.25rem",
              }
            }
          >
            theaminahmadi
          </p>
          <p
            style={
              Object {
                "color": "#000",
                "fontSize": "1rem",
                "justifyContent": "flex-end",
                "marginLeft": "1.25rem",
              }
            }
          >
            Lorem ipsum dolor sit amet, consectetur adipiscing elit, sed do eiusmod tempor incididunt ut labore et dolore magna aliqua.
          </p>
        </div>
      </div>
    </div>
  </div>
  <div
    className="MuiBox-root css-z7hu84"
  >
    <div
      className="MuiBox-root css-9ywscw"
    >
      <img
        loading="lazy"
        src="eugene-tkachenko-XHDP42n5Yu0-unsplash.jpg"
        style={
          Object {
            "height": "100%",
            "objectFit": "contain",
            "width": "100%",
          }
        }
      />
    </div>
    <div
      className="MetaDataBar MuiBox-root css-1usb2ac"
    >
      <div
        className="MetaDataBar.Icons MuiBox-root css-1mq3c6"
      >
        <button
          aria-label="like"
          className="MuiButtonBase-root MuiIconButton-root MuiIconButton-colorInherit MuiIconButton-edgeStart MuiIconButton-sizeLarge css-6c1vn5-MuiButtonBase-root-MuiIconButton-root"
          disabled={false}
          onBlur={[Function]}
          onClick={[Function]}
          onContextMenu={[Function]}
          onDragLeave={[Function]}
          onFocus={[Function]}
          onKeyDown={[Function]}
          onKeyUp={[Function]}
          onMouseDown={[Function]}
          onMouseLeave={[Function]}
          onMouseUp={[Function]}
          onTouchEnd={[Function]}
          onTouchMove={[Function]}
          onTouchStart={[Function]}
          tabIndex={0}
          type="button"
        >
          <div
            className="MuiBox-root css-0"
          >
            <span>
              <svg
                aria-hidden={true}
                className="MuiSvgIcon-root MuiSvgIcon-fontSizeMedium MuiSvgIcon-root MuiSvgIcon-colorWarning MuiSvgIcon-fontSizeMedium css-11x1sl6-MuiSvgIcon-root-MuiSvgIcon-root"
                data-testid="FavoriteIcon"
                focusable="false"
                viewBox="0 0 24 24"
              >
                <path
                  d="m12 21.35-1.45-1.32C5.4 15.36 2 12.28 2 8.5 2 5.42 4.42 3 7.5 3c1.74 0 3.41.81 4.5 2.09C13.09 3.81 14.76 3 16.5 3 19.58 3 22 5.42 22 8.5c0 3.78-3.4 6.86-8.55 11.54L12 21.35z"
                />
              </svg>
            </span>
            <span>
              33
            </span>
          </div>
        </button>
        <button
          aria-label="comment"
          className="MuiButtonBase-root MuiIconButton-root MuiIconButton-colorInherit MuiIconButton-edgeEnd MuiIconButton-sizeLarge css-1k68kd-MuiButtonBase-root-MuiIconButton-root"
          disabled={false}
          onBlur={[Function]}
          onClick={[Function]}
          onContextMenu={[Function]}
          onDragLeave={[Function]}
          onFocus={[Function]}
          onKeyDown={[Function]}
          onKeyUp={[Function]}
          onMouseDown={[Function]}
          onMouseLeave={[Function]}
          onMouseUp={[Function]}
          onTouchEnd={[Function]}
          onTouchMove={[Function]}
          onTouchStart={[Function]}
          tabIndex={0}
          type="button"
        >
          <div
            className="MuiBox-root css-0"
          >
            <span>
              7
            </span>
            <span>
              <svg
                aria-hidden={true}
                className="MuiSvgIcon-root MuiSvgIcon-fontSizeMedium MuiSvgIcon-root MuiSvgIcon-fontSizeMedium css-bpkbvq-MuiSvgIcon-root-MuiSvgIcon-root"
                data-testid="CommentIcon"
                focusable="false"
                viewBox="0 0 24 24"
              >
                <path
                  d="M21.99 4c0-1.1-.89-2-1.99-2H4c-1.1 0-2 .9-2 2v12c0 1.1.9 2 2 2h14l4 4-.01-18zM18 14H6v-2h12v2zm0-3H6V9h12v2zm0-3H6V6h12v2z"
                />
              </svg>
            </span>
          </div>
        </button>
      </div>
      <div
        className="MetaDataBar.Details MuiBox-root css-1mq3c6"
      >
        <div
          className="MuiBox-root css-ejrub7"
        >
          <p
            style={
              Object {
                "color": "#bfa760",
                "fontSize": "1.35rem",
                "fontWeight": "bold",
                "justifyContent": "flex-start",
                "marginLeft": "1.25rem",
              }
            }
          >
            tommy
          </p>
          <p
            style={
              Object {
                "color": "#000",
                "fontSize": "1rem",
                "justifyContent": "flex-end",
                "marginLeft": "1.25rem",
              }
            }
          >
            Lorem ipsum dolor sit amet, consectetur adipiscing elit, sed do eiusmod tempor incididunt ut labore et dolore magna aliqua.
          </p>
        </div>
      </div>
    </div>
  </div>
  <div
    className="MuiBox-root css-z7hu84"
  >
    <div
      className="MuiBox-root css-9ywscw"
    >
      <img
        loading="lazy"
        src="axel-blanchard-YVKotYBAUko-unsplash.jpg"
        style={
          Object {
            "height": "100%",
            "objectFit": "contain",
            "width": "100%",
          }
        }
      />
    </div>
    <div
      className="MetaDataBar MuiBox-root css-1usb2ac"
    >
      <div
        className="MetaDataBar.Icons MuiBox-root css-1mq3c6"
      >
        <button
          aria-label="like"
          className="MuiButtonBase-root MuiIconButton-root MuiIconButton-colorInherit MuiIconButton-edgeStart MuiIconButton-sizeLarge css-6c1vn5-MuiButtonBase-root-MuiIconButton-root"
          disabled={false}
          onBlur={[Function]}
          onClick={[Function]}
          onContextMenu={[Function]}
          onDragLeave={[Function]}
          onFocus={[Function]}
          onKeyDown={[Function]}
          onKeyUp={[Function]}
          onMouseDown={[Function]}
          onMouseLeave={[Function]}
          onMouseUp={[Function]}
          onTouchEnd={[Function]}
          onTouchMove={[Function]}
          onTouchStart={[Function]}
          tabIndex={0}
          type="button"
        >
          <div
            className="MuiBox-root css-0"
          >
            <span>
              <svg
                aria-hidden={true}
                className="MuiSvgIcon-root MuiSvgIcon-fontSizeMedium MuiSvgIcon-root MuiSvgIcon-colorWarning MuiSvgIcon-fontSizeMedium css-11x1sl6-MuiSvgIcon-root-MuiSvgIcon-root"
                data-testid="FavoriteIcon"
                focusable="false"
                viewBox="0 0 24 24"
              >
                <path
                  d="m12 21.35-1.45-1.32C5.4 15.36 2 12.28 2 8.5 2 5.42 4.42 3 7.5 3c1.74 0 3.41.81 4.5 2.09C13.09 3.81 14.76 3 16.5 3 19.58 3 22 5.42 22 8.5c0 3.78-3.4 6.86-8.55 11.54L12 21.35z"
                />
              </svg>
            </span>
            <span>
              20
            </span>
          </div>
        </button>
        <button
          aria-label="comment"
          className="MuiButtonBase-root MuiIconButton-root MuiIconButton-colorInherit MuiIconButton-edgeEnd MuiIconButton-sizeLarge css-1k68kd-MuiButtonBase-root-MuiIconButton-root"
          disabled={false}
          onBlur={[Function]}
          onClick={[Function]}
          onContextMenu={[Function]}
          onDragLeave={[Function]}
          onFocus={[Function]}
          onKeyDown={[Function]}
          onKeyUp={[Function]}
          onMouseDown={[Function]}
          onMouseLeave={[Function]}
          onMouseUp={[Function]}
          onTouchEnd={[Function]}
          onTouchMove={[Function]}
          onTouchStart={[Function]}
          tabIndex={0}
          type="button"
        >
          <div
            className="MuiBox-root css-0"
          >
            <span>
              2
            </span>
            <span>
              <svg
                aria-hidden={true}
                className="MuiSvgIcon-root MuiSvgIcon-fontSizeMedium MuiSvgIcon-root MuiSvgIcon-fontSizeMedium css-bpkbvq-MuiSvgIcon-root-MuiSvgIcon-root"
                data-testid="CommentIcon"
                focusable="false"
                viewBox="0 0 24 24"
              >
                <path
                  d="M21.99 4c0-1.1-.89-2-1.99-2H4c-1.1 0-2 .9-2 2v12c0 1.1.9 2 2 2h14l4 4-.01-18zM18 14H6v-2h12v2zm0-3H6V9h12v2zm0-3H6V6h12v2z"
                />
              </svg>
            </span>
          </div>
        </button>
      </div>
      <div
        className="MetaDataBar.Details MuiBox-root css-1mq3c6"
      >
        <div
          className="MuiBox-root css-ejrub7"
        >
          <p
            style={
              Object {
                "color": "#bfa760",
                "fontSize": "1.35rem",
                "fontWeight": "bold",
                "justifyContent": "flex-start",
                "marginLeft": "1.25rem",
              }
            }
          >
            yusuf
          </p>
          <p
            style={
              Object {
                "color": "#000",
                "fontSize": "1rem",
                "justifyContent": "flex-end",
                "marginLeft": "1.25rem",
              }
            }
          >
            Lorem ipsum dolor sit amet, consectetur adipiscing elit, sed do eiusmod tempor incididunt ut labore et dolore magna aliqua.
          </p>
        </div>
      </div>
    </div>
  </div>
</div>
`;
