// Jest Snapshot v1, https://goo.gl/fbAQLP

exports[`Renders correctly 1`] = `
<ul
  className="MuiList-root MuiList-padding css-h4y409-MuiList-root"
>
  <a
    className="MuiListItem-root MuiListItem-gutters MuiListItem-padding css-1p823my-MuiListItem-root"
    disabled={false}
    href="/about/terms-of-service"
    onClick={[Function]}
    role="terms-of-service"
  >
    <div
      className="MuiListItemText-root css-tlelie-MuiListItemText-root"
    >
      <span
        className="MuiTypography-root MuiTypography-body1 MuiListItemText-primary css-10hburv-MuiTypography-root"
      >
        Terms of Service
      </span>
    </div>
  </a>
  <a
    className="MuiListItem-root MuiListItem-gutters MuiListItem-padding css-1p823my-MuiListItem-root"
    disabled={false}
    href="/about/privacy"
    onClick={[Function]}
    role="privacy-policy"
  >
    <div
      className="MuiListItemText-root css-tlelie-MuiListItemText-root"
    >
      <span
        className="MuiTypography-root MuiTypography-body1 MuiListItemText-primary css-10hburv-MuiTypography-root"
      >
        Privacy Policy
      </span>
    </div>
  </a>
</ul>
`;
