// Jest Snapshot v1, https://goo.gl/fbAQLP

exports[`Renders correctly 1`] = `
<main
  className="MuiContainer-root MuiContainer-maxWidthMd css-xdmu94-MuiContainer-root"
  data-testid="hoot-404-container"
>
  <div
    className="MuiBox-root css-1jn8zvf"
  >
    <h2
      className="MuiTypography-root MuiTypography-h2 css-1sra7t5-MuiTypography-root"
    >
      Uh Oh! It looks like there is nothing here...
    </h2>
    <button
      className="MuiButton-root MuiButton-contained MuiButton-containedPrimary MuiButton-sizeMedium MuiButton-containedSizeMedium MuiButtonBase-root  css-17bgigr-MuiButtonBase-root-MuiButton-root"
      data-testid="hoot-404-button"
      disabled={false}
      onBlur={[Function]}
      onClick={[Function]}
      onContextMenu={[Function]}
      onDragLeave={[Function]}
      onFocus={[Function]}
      onKeyDown={[Function]}
      onKeyUp={[Function]}
      onMouseDown={[Function]}
      onMouseLeave={[Function]}
      onMouseUp={[Function]}
      onTouchEnd={[Function]}
      onTouchMove={[Function]}
      onTouchStart={[Function]}
      tabIndex={0}
      type="button"
    >
      Go Back
    </button>
  </div>
</main>
`;
